[www.zareklamy.com/index.html]
[backblue.gif]
[fade.gif]
[index.html]
[zrcdn.net/images/meta/apple-icon-57x57.png]
[zrcdn.net/images/meta/apple-icon-60x60.png]
[zrcdn.net/images/meta/apple-icon-72x72.png]
[zrcdn.net/images/meta/apple-icon-76x76.png]
[zrcdn.net/images/meta/apple-icon-114x114.png]
[zrcdn.net/images/meta/apple-icon-120x120.png]
[zrcdn.net/images/meta/apple-icon-144x144.png]
[zrcdn.net/images/meta/apple-icon-152x152.png]
[zrcdn.net/images/meta/apple-icon-180x180.png]
[zrcdn.net/images/meta/favicon-16x16.png]
[zrcdn.net/images/meta/favicon-32x32.png]
[zrcdn.net/images/meta/favicon-96x96.png]
[zrcdn.net/images/meta/favicon-128.png]
[zrcdn.net/images/meta/android-icon-192x192.png]
[www.zareklamy.com/indexcf53.html]
[www.zareklamy.com/indexcdb1.html]
[www.zareklamy.com/indexe68f.html]
[www.zareklamy.com/index9e93.html]
[www.zareklamy.com/index6bf8.html]
[www.zareklamy.com/indexc9bf.html]
[www.zareklamy.com/indexc423.html]
[zrcdn.net/images/logos/zareklamy/zareklamy-home-logo-mobile.png]
[www.zareklamy.com/index2296.html]
[www.zareklamy.com/indexd3ee.html]
[www.zareklamy.com/indexe034.html]
[www.zareklamy.com/how-it-works.html]
[www.zareklamy.com/index2139.html]
[www.zareklamy.com/index9bb4.html]
[www.zareklamy.com/index0b5e.html]
[www.zareklamy.com/index9277.html]
[www.zareklamy.com/indexbbc9.html]
[www.zareklamy.com/resources.html]
[www.zareklamy.com/indexef8e.html]
[www.zareklamy.com/indexd6cc.html]
[www.zareklamy.com/indexe6ac.html]
[www.zareklamy.com/sign-in.html]
[www.zareklamy.com/indexdb38.html]
[www.zareklamy.com/indexf368.html]
[www.zareklamy.com/registration.html]
[www.zareklamy.com/index7542.html]
[zrcdn.net/images/z-z/en/make-money-online-zareklamy.png]
[zrcdn.net/images/z-z/en/the-perfect-solution-zareklamy.png]
[zrcdn.net/images/z-z/en/everything-under-control-zareklamy.png]
[zrcdn.net/images/z-z/en/collect-profits-zareklamy.png]
[zrcdn.net/images/z-z/en/how-can-zareklamy-help-you-zareklamy.png]
[zrcdn.net/images/icons/icon-income-green.png]
[zrcdn.net/images/icons/icon-goals-green.png]
[www.zareklamy.com/contact-us.html]
[www.zareklamy.com/sitemap.html]
[www.zareklamy.com/resources/invite-people-and-earn-referral-program.html]
[www.zareklamy.com/company/about-us.html]
[www.zareklamy.com/company/commitments.html]
[www.zareklamy.com/company/careers.html]
[www.zareklamy.com/company/media-kit.html]
[zrcdn.net/js/fw/modernizr/2.8.3/basic.js]
[code.jquery.com/jquery-3.6.0.min.js]
[cdn.jsdelivr.net/npm/bootstrap@5.0.2/dist/js/bootstrap.min.js]
[cdnjs.cloudflare.com/ajax/libs/angular.js/1.7.8/angular.min.js]
[cdnjs.cloudflare.com/ajax/libs/angular.js/1.7.8/angular-animate.min.js]
[cdnjs.cloudflare.com/ajax/libs/angular.js/1.7.8/angular-messages.min.js]
[zrcdn.net/js/z-z/basic.js]
[zrcdn.net/js/z-z/octopus.min.js]
[zrcdn.net/js/z-z/main.min.ltr.js]
[zrcdn.net/js/z-b/footer.js]
[www.zareklamy.com/index.html]
[www.zareklamy.com/index62b1.html]
[www.zareklamy.com/indexc69a.html]
[www.zareklamy.com/index3322.html]
[zrcdn.net/images/meta/zareklamy-400x400.png]
[www.zareklamy.com/indexe68f.html]
[www.zareklamy.com/indexcf53.html]
[www.zareklamy.com/indexcdb1.html]
[www.zareklamy.com/indexc423.html]
[www.zareklamy.com/index9e93.html]
[www.zareklamy.com/index6bf8.html]
[www.zareklamy.com/indexc9bf.html]
[www.zareklamy.com/indexd3ee.html]
[www.zareklamy.com/index0b5e.html]
[www.zareklamy.com/indexe034.html]
[www.zareklamy.com/index2296.html]
[www.zareklamy.com/index9bb4.html]
[www.zareklamy.com/index2139.html]
[www.zareklamy.com/index9277.html]
[zrcdn.net/js/z-z/main.min.rtl.js]
[www.zareklamy.com/indexd6cc.html]
[www.zareklamy.com/indexe6ac.html]
[www.zareklamy.com/indexbbc9.html]
[www.zareklamy.com/indexef8e.html]
[www.zareklamy.com/indexf368.html]
[www.zareklamy.com/indexdb38.html]
[www.zareklamy.com/index7542.html]
[www.googletagmanager.com/gtm5445.html]
[zrcdn.net/css/z-b/main-header.css]
[zrcdn.net/css/z-b/main-footer.css]
[zrcdn.net/css/z-z/in-main.css]
[zrcdn.net/fonts/fonts.css]
[www.zareklamy.com/how-it-works0e49.html]
[www.zareklamy.com/how-it-works62b1.html]
[www.zareklamy.com/how-it-worksc69a.html]
[www.zareklamy.com/how-it-works3322.html]
[www.zareklamy.com/how-it-workse68f.html]
[www.zareklamy.com/how-it-workscf53.html]
[www.zareklamy.com/how-it-workscdb1.html]
[www.zareklamy.com/how-it-worksc423.html]
[www.zareklamy.com/how-it-works9e93.html]
[www.zareklamy.com/how-it-works6bf8.html]
[www.zareklamy.com/how-it-worksc9bf.html]
[www.zareklamy.com/how-it-worksd3ee.html]
[www.zareklamy.com/how-it-works0b5e.html]
[www.zareklamy.com/how-it-workse034.html]
[www.zareklamy.com/how-it-works2296.html]
[www.zareklamy.com/how-it-works9bb4.html]
[www.zareklamy.com/how-it-works2139.html]
[www.zareklamy.com/how-it-works9277.html]
[www.zareklamy.com/how-it-worksd6cc.html]
[www.zareklamy.com/how-it-workse6ac.html]
[www.zareklamy.com/how-it-worksbbc9.html]
[www.zareklamy.com/how-it-worksef8e.html]
[www.zareklamy.com/how-it-worksf368.html]
[www.zareklamy.com/how-it-worksdb38.html]
[www.zareklamy.com/how-it-works7542.html]
[zrcdn.net/images/z-z/en/select-a-method-of-earning-zareklamy.png]
[zrcdn.net/images/icons/icon-comments-black.png]
[zrcdn.net/images/icons/icon-video-black.png]
[zrcdn.net/images/icons/icon-surveys-black.png]
[zrcdn.net/images/icons/icon-reviews-black.png]
[zrcdn.net/images/icons/icon-visitors-black.png]
[zrcdn.net/images/z-z/en/start-earning-zareklamy-s.png]
[zrcdn.net/images/z-z/en/leave-the-admin-stuff-to-us-s-zareklamy.png]
[zrcdn.net/images/z-z/en/try-all-resources-zareklamy.png]
[www.zareklamy.com/how-it-works.html]
[www.zareklamy.com/resources0e49.html]
[www.zareklamy.com/resources62b1.html]
[www.zareklamy.com/resourcesc69a.html]
[www.zareklamy.com/resources3322.html]
[www.zareklamy.com/resourcese68f.html]
[www.zareklamy.com/resourcescf53.html]
[www.zareklamy.com/resourcescdb1.html]
[www.zareklamy.com/resourcesc423.html]
[www.zareklamy.com/resources9e93.html]
[www.zareklamy.com/resources6bf8.html]
[www.zareklamy.com/resourcesc9bf.html]
[www.zareklamy.com/resourcesd3ee.html]
[www.zareklamy.com/resources0b5e.html]
[www.zareklamy.com/resourcese034.html]
[www.zareklamy.com/resources2296.html]
[www.zareklamy.com/resources9bb4.html]
[www.zareklamy.com/resources2139.html]
[www.zareklamy.com/resources9277.html]
[www.zareklamy.com/resourcesd6cc.html]
[www.zareklamy.com/resourcese6ac.html]
[www.zareklamy.com/resourcesbbc9.html]
[www.zareklamy.com/resourcesef8e.html]
[www.zareklamy.com/resourcesf368.html]
[www.zareklamy.com/resourcesdb38.html]
[www.zareklamy.com/resources7542.html]
[www.zareklamy.com/resources/playing-games.html]
[zrcdn.net/images/z-z/en/playing-games-zareklamy-resources.png]
[zrcdn.net/images/icons/icon-arrow-related.png]
[www.zareklamy.com/resources/filling-out-surveys.html]
[zrcdn.net/images/z-z/en/filling-out-surveys-zareklamy-resources.png]
[www.zareklamy.com/resources/watching-videos.html]
[zrcdn.net/images/z-z/en/watching-videos-zareklamy-resources.png]
[www.zareklamy.com/resources/online-shopping.html]
[zrcdn.net/images/z-z/en/online-shopping-zareklamy-resources.png]
[www.zareklamy.com/resources.html]
[www.zareklamy.com/sign-in0e49.html]
[www.zareklamy.com/sign-in62b1.html]
[www.zareklamy.com/sign-inc69a.html]
[www.zareklamy.com/sign-in3322.html]
[www.zareklamy.com/sign-ine68f.html]
[www.zareklamy.com/sign-incf53.html]
[www.zareklamy.com/sign-incdb1.html]
[www.zareklamy.com/sign-inc423.html]
[www.zareklamy.com/sign-in9e93.html]
[www.zareklamy.com/sign-in6bf8.html]
[www.zareklamy.com/sign-inc9bf.html]
[www.zareklamy.com/sign-ind3ee.html]
[www.zareklamy.com/sign-in0b5e.html]
[www.zareklamy.com/sign-ine034.html]
[www.zareklamy.com/sign-in2296.html]
[www.zareklamy.com/sign-in9bb4.html]
[www.zareklamy.com/sign-in2139.html]
[www.zareklamy.com/sign-in9277.html]
[www.zareklamy.com/sign-ind6cc.html]
[www.zareklamy.com/sign-ine6ac.html]
[www.zareklamy.com/sign-inbbc9.html]
[www.zareklamy.com/sign-inef8e.html]
[www.zareklamy.com/sign-inf368.html]
[www.zareklamy.com/sign-indb38.html]
[www.zareklamy.com/sign-in7542.html]
[www.zareklamy.com/recover.html]
[code.jquery.com/jquery-3.4.1.min.js]
[www.google.com/recaptcha/api.js]
[www.zareklamy.com/sign-in.html]
[www.zareklamy.com/registration0e49.html]
[www.zareklamy.com/registration62b1.html]
[www.zareklamy.com/registrationc69a.html]
[www.zareklamy.com/registration3322.html]
[www.zareklamy.com/registratione68f.html]
[www.zareklamy.com/registrationcf53.html]
[www.zareklamy.com/registrationcdb1.html]
[www.zareklamy.com/registrationc423.html]
[www.zareklamy.com/registration9e93.html]
[www.zareklamy.com/registration6bf8.html]
[www.zareklamy.com/registrationc9bf.html]
[www.zareklamy.com/registrationd3ee.html]
[www.zareklamy.com/registration0b5e.html]
[www.zareklamy.com/registratione034.html]
[www.zareklamy.com/registration2296.html]
[www.zareklamy.com/registration9bb4.html]
[www.zareklamy.com/registration2139.html]
[www.zareklamy.com/registration9277.html]
[www.zareklamy.com/registrationd6cc.html]
[www.zareklamy.com/registratione6ac.html]
[www.zareklamy.com/registrationbbc9.html]
[www.zareklamy.com/registrationef8e.html]
[www.zareklamy.com/registrationf368.html]
[www.zareklamy.com/registrationdb38.html]
[www.zareklamy.com/registration7542.html]
[www.zareklamy.com/registration.html]
[www.zareklamy.com/contact-us0e49.html]
[www.zareklamy.com/contact-us62b1.html]
[www.zareklamy.com/contact-usc69a.html]
[www.zareklamy.com/contact-us3322.html]
[www.zareklamy.com/contact-use68f.html]
[www.zareklamy.com/contact-uscf53.html]
[www.zareklamy.com/contact-uscdb1.html]
[www.zareklamy.com/contact-usc423.html]
[www.zareklamy.com/contact-us9e93.html]
[www.zareklamy.com/contact-us6bf8.html]
[www.zareklamy.com/contact-usc9bf.html]
[www.zareklamy.com/contact-usd3ee.html]
[www.zareklamy.com/contact-us0b5e.html]
[www.zareklamy.com/contact-use034.html]
[www.zareklamy.com/contact-us2296.html]
[www.zareklamy.com/contact-us9bb4.html]
[www.zareklamy.com/contact-us2139.html]
[www.zareklamy.com/contact-us9277.html]
[www.zareklamy.com/contact-use6ac.html]
[www.zareklamy.com/contact-usbbc9.html]
[www.zareklamy.com/contact-usef8e.html]
[www.zareklamy.com/contact-usf368.html]
[www.zareklamy.com/contact-usdb38.html]
[www.zareklamy.com/contact-us7542.html]
[www.zareklamy.com/contact-us.html]
[www.zareklamy.com/sitemap62b1.html]
[www.zareklamy.com/sitemapc69a.html]
[www.zareklamy.com/sitemap3322.html]
[www.zareklamy.com/sitemape68f.html]
[www.zareklamy.com/sitemapcf53.html]
[www.zareklamy.com/sitemapcdb1.html]
[www.zareklamy.com/sitemapc423.html]
[www.zareklamy.com/sitemap6bf8.html]
[www.zareklamy.com/sitemapc9bf.html]
[www.zareklamy.com/sitemapd3ee.html]
[www.zareklamy.com/sitemap0b5e.html]
[www.zareklamy.com/sitemape034.html]
[www.zareklamy.com/sitemap2296.html]
[www.zareklamy.com/sitemap9bb4.html]
[www.zareklamy.com/sitemap2139.html]
[www.zareklamy.com/sitemap9277.html]
[www.zareklamy.com/sitemapd6cc.html]
[www.zareklamy.com/sitemape6ac.html]
[www.zareklamy.com/sitemapbbc9.html]
[www.zareklamy.com/sitemapef8e.html]
[www.zareklamy.com/sitemapf368.html]
[www.zareklamy.com/sitemapdb38.html]
[www.zareklamy.com/sitemap7542.html]
[www.zareklamy.com/learning.html]
[www.zareklamy.com/sitemap.html]
[www.zareklamy.com/resources/invite-people-and-earn-referral-program0e49.html]
[www.zareklamy.com/resources/invite-people-and-earn-referral-program62b1.html]
[www.zareklamy.com/resources/invite-people-and-earn-referral-programc69a.html]
[www.zareklamy.com/resources/invite-people-and-earn-referral-program3322.html]
[www.zareklamy.com/resources/invite-people-and-earn-referral-programe68f.html]
[www.zareklamy.com/resources/invite-people-and-earn-referral-programcf53.html]
[www.zareklamy.com/resources/invite-people-and-earn-referral-programcdb1.html]
[www.zareklamy.com/resources/invite-people-and-earn-referral-programc423.html]
[www.zareklamy.com/resources/invite-people-and-earn-referral-program9e93.html]
[www.zareklamy.com/resources/invite-people-and-earn-referral-program6bf8.html]
[www.zareklamy.com/resources/invite-people-and-earn-referral-programc9bf.html]
[www.zareklamy.com/resources/invite-people-and-earn-referral-programd3ee.html]
[www.zareklamy.com/resources/invite-people-and-earn-referral-program0b5e.html]
[www.zareklamy.com/resources/invite-people-and-earn-referral-programe034.html]
[www.zareklamy.com/resources/invite-people-and-earn-referral-program2296.html]
[www.zareklamy.com/resources/invite-people-and-earn-referral-program9bb4.html]
[www.zareklamy.com/resources/invite-people-and-earn-referral-program2139.html]
[www.zareklamy.com/resources/invite-people-and-earn-referral-program9277.html]
[www.zareklamy.com/resources/invite-people-and-earn-referral-programd6cc.html]
[www.zareklamy.com/resources/invite-people-and-earn-referral-programe6ac.html]
[www.zareklamy.com/resources/invite-people-and-earn-referral-programbbc9.html]
[www.zareklamy.com/resources/invite-people-and-earn-referral-programef8e.html]
[www.zareklamy.com/resources/invite-people-and-earn-referral-programf368.html]
[www.zareklamy.com/resources/invite-people-and-earn-referral-programdb38.html]
[www.zareklamy.com/resources/invite-people-and-earn-referral-program7542.html]
[www.zareklamy.com/sign-inebbd.html]
[zrcdn.net/images/z-z/en/invite-people-and-earn-referral-program-step-1-zareklamy.png]
[zrcdn.net/images/z-z/en/invite-people-and-earn-referral-program-step-2-zareklamy.png]
[www.zareklamy.com/resources/invite-people-and-earn-referral-program.html]
[www.zareklamy.com/company/about-us0e49.html]
[www.zareklamy.com/company/about-us62b1.html]
[www.zareklamy.com/company/about-usc69a.html]
[www.zareklamy.com/company/about-us3322.html]
[www.zareklamy.com/company/about-use68f.html]
[www.zareklamy.com/company/about-uscf53.html]
[www.zareklamy.com/company/about-uscdb1.html]
[www.zareklamy.com/company/about-usc423.html]
[www.zareklamy.com/company/about-us9e93.html]
[www.zareklamy.com/company/about-us6bf8.html]
[www.zareklamy.com/company/about-usc9bf.html]
[www.zareklamy.com/company/about-usd3ee.html]
[www.zareklamy.com/company/about-us0b5e.html]
[www.zareklamy.com/company/about-use034.html]
[www.zareklamy.com/company/about-us2296.html]
[www.zareklamy.com/company/about-us9bb4.html]
[www.zareklamy.com/company/about-us2139.html]
[www.zareklamy.com/company/about-us9277.html]
[www.zareklamy.com/company/about-usd6cc.html]
[www.zareklamy.com/company/about-use6ac.html]
[www.zareklamy.com/company/about-usbbc9.html]
[www.zareklamy.com/company/about-usef8e.html]
[www.zareklamy.com/company/about-usf368.html]
[www.zareklamy.com/company/about-usdb38.html]
[www.zareklamy.com/company/about-us7542.html]
[zrcdn.net/images/company/about-us/our-company.png]
[zrcdn.net/images/company/about-us/2018.png]
[zrcdn.net/images/company/about-us/earners.png]
[zrcdn.net/images/company/about-us/advertisers.png]
[www.zareklamy.com/company/about-us.html]
[www.zareklamy.com/company/commitments0e49.html]
[www.zareklamy.com/company/commitments62b1.html]
[www.zareklamy.com/company/commitmentsc69a.html]
[www.zareklamy.com/company/commitments3322.html]
[www.zareklamy.com/company/commitmentse68f.html]
[www.zareklamy.com/company/commitmentscf53.html]
[www.zareklamy.com/company/commitmentscdb1.html]
[www.zareklamy.com/company/commitmentsc423.html]
[www.zareklamy.com/company/commitments9e93.html]
[www.zareklamy.com/company/commitments6bf8.html]
[www.zareklamy.com/company/commitmentsc9bf.html]
[www.zareklamy.com/company/commitmentsd3ee.html]
[www.zareklamy.com/company/commitments0b5e.html]
[www.zareklamy.com/company/commitmentse034.html]
[www.zareklamy.com/company/commitments2296.html]
[www.zareklamy.com/company/commitments9bb4.html]
[www.zareklamy.com/company/commitments2139.html]
[www.zareklamy.com/company/commitments9277.html]
[www.zareklamy.com/company/commitmentsd6cc.html]
[www.zareklamy.com/company/commitmentse6ac.html]
[www.zareklamy.com/company/commitmentsbbc9.html]
[www.zareklamy.com/company/commitmentsef8e.html]
[www.zareklamy.com/company/commitmentsf368.html]
[www.zareklamy.com/company/commitmentsdb38.html]
[www.zareklamy.com/company/commitments7542.html]
[www.zareklamy.com/company/commitments.html]
[www.zareklamy.com/company/careers0e49.html]
[www.zareklamy.com/company/careers62b1.html]
[www.zareklamy.com/company/careersc69a.html]
[www.zareklamy.com/company/careers3322.html]
[www.zareklamy.com/company/careerse68f.html]
[www.zareklamy.com/company/careerscf53.html]
[www.zareklamy.com/company/careerscdb1.html]
[www.zareklamy.com/company/careersc423.html]
[www.zareklamy.com/company/careers9e93.html]
[www.zareklamy.com/company/careers6bf8.html]
[www.zareklamy.com/company/careersc9bf.html]
[www.zareklamy.com/company/careersd3ee.html]
[www.zareklamy.com/company/careers0b5e.html]
[www.zareklamy.com/company/careerse034.html]
[www.zareklamy.com/company/careers2296.html]
[www.zareklamy.com/company/careers9bb4.html]
[www.zareklamy.com/company/careers2139.html]
[www.zareklamy.com/company/careers9277.html]
[www.zareklamy.com/company/careersd6cc.html]
[www.zareklamy.com/company/careerse6ac.html]
[www.zareklamy.com/company/careersbbc9.html]
[www.zareklamy.com/company/careersef8e.html]
[www.zareklamy.com/company/careersf368.html]
[www.zareklamy.com/company/careersdb38.html]
[www.zareklamy.com/company/careers7542.html]
[zrcdn.net/js/fw/jquery/3.3.1/jquery-3.3.1.min.js]
[zrcdn.net/js/fw/bootstrap/3.3.7/bootstrap.min.js]
[www.zareklamy.com/company/careers/jobsab5e.html]
[www.zareklamy.com/company/careers/jobsec28.html]
[www.zareklamy.com/company/careers/jobsdc6c.html]
[www.zareklamy.com/company/careers/jobs79ff.html]
[www.zareklamy.com/company/careers/jobs64d0.html]
[www.zareklamy.com/company/careers/jobs004c.html]
[www.zareklamy.com/company/careers.html]
[www.zareklamy.com/company/careers/jobsbce2.html]
[www.zareklamy.com/company/media-kit0e49.html]
[www.zareklamy.com/company/media-kit62b1.html]
[www.zareklamy.com/company/media-kitc69a.html]
[www.zareklamy.com/company/media-kit3322.html]
[www.zareklamy.com/company/media-kite68f.html]
[www.zareklamy.com/company/media-kitcf53.html]
[www.zareklamy.com/company/media-kitcdb1.html]
[www.zareklamy.com/company/media-kitc423.html]
[www.zareklamy.com/company/media-kit9e93.html]
[www.zareklamy.com/company/media-kit6bf8.html]
[www.zareklamy.com/company/media-kitc9bf.html]
[www.zareklamy.com/company/media-kitd3ee.html]
[www.zareklamy.com/company/media-kit0b5e.html]
[www.zareklamy.com/company/media-kite034.html]
[www.zareklamy.com/company/media-kit2296.html]
[www.zareklamy.com/company/media-kit9bb4.html]
[www.zareklamy.com/company/media-kit2139.html]
[www.zareklamy.com/company/media-kit9277.html]
[www.zareklamy.com/company/media-kitd6cc.html]
[www.zareklamy.com/company/media-kite6ac.html]
[www.zareklamy.com/company/media-kitbbc9.html]
[www.zareklamy.com/company/media-kitef8e.html]
[www.zareklamy.com/company/media-kitf368.html]
[www.zareklamy.com/company/media-kitdb38.html]
[www.zareklamy.com/company/media-kit7542.html]
[zrcdn.net/images/company/media-kit/zareklamy-icon.png]
[zrcdn.net/images/company/media-kit/zareklamy-logo.png]
[www.zareklamy.com/company/media-kit.html]
[static.zareklamy.com/images/z-b/eu_flag.png]
[zrcdn.net/css/z-b/cookies.css]
[www.zareklamy.com/how-it-works0e49.html]
[www.zareklamy.com/how-it-works62b1.html]
[www.zareklamy.com/how-it-worksc69a.html]
[www.zareklamy.com/how-it-works3322.html]
[www.zareklamy.com/how-it-workse68f.html]
[www.zareklamy.com/how-it-workscf53.html]
[www.zareklamy.com/how-it-workscdb1.html]
[www.zareklamy.com/how-it-worksc423.html]
[www.zareklamy.com/how-it-works9e93.html]
[www.zareklamy.com/how-it-works6bf8.html]
[www.zareklamy.com/how-it-worksc9bf.html]
[www.zareklamy.com/how-it-worksd3ee.html]
[www.zareklamy.com/how-it-works0b5e.html]
[www.zareklamy.com/how-it-workse034.html]
[www.zareklamy.com/how-it-works2296.html]
[www.zareklamy.com/how-it-works9bb4.html]
[www.zareklamy.com/how-it-works2139.html]
[www.zareklamy.com/how-it-works9277.html]
[www.zareklamy.com/how-it-worksd6cc.html]
[www.zareklamy.com/how-it-workse6ac.html]
[www.zareklamy.com/how-it-worksbbc9.html]
[www.zareklamy.com/how-it-worksef8e.html]
[www.zareklamy.com/how-it-worksf368.html]
[www.zareklamy.com/how-it-worksdb38.html]
[www.zareklamy.com/how-it-works7542.html]
[zrcdn.net/css/z-z/main.css]
[www.zareklamy.com/resources0e49.html]
[www.zareklamy.com/resources62b1.html]
[www.zareklamy.com/resourcesc69a.html]
[www.zareklamy.com/resources3322.html]
[www.zareklamy.com/resourcese68f.html]
[www.zareklamy.com/resourcescf53.html]
[www.zareklamy.com/resourcescdb1.html]
[www.zareklamy.com/resourcesc423.html]
[www.zareklamy.com/resources9e93.html]
[www.zareklamy.com/resources6bf8.html]
[www.zareklamy.com/resourcesc9bf.html]
[www.zareklamy.com/resourcesd3ee.html]
[www.zareklamy.com/resources0b5e.html]
[www.zareklamy.com/resourcese034.html]
[www.zareklamy.com/resources2296.html]
[www.zareklamy.com/resources9bb4.html]
[www.zareklamy.com/resources2139.html]
[www.zareklamy.com/resources9277.html]
[www.zareklamy.com/resourcesd6cc.html]
[www.zareklamy.com/resourcese6ac.html]
[www.zareklamy.com/resourcesbbc9.html]
[www.zareklamy.com/resourcesef8e.html]
[www.zareklamy.com/resourcesf368.html]
[www.zareklamy.com/resourcesdb38.html]
[www.zareklamy.com/resources7542.html]
[www.zareklamy.com/resources/playing-games0e49.html]
[www.zareklamy.com/resources/playing-games62b1.html]
[www.zareklamy.com/resources/playing-gamesc69a.html]
[www.zareklamy.com/resources/playing-games3322.html]
[www.zareklamy.com/resources/playing-gamese68f.html]
[www.zareklamy.com/resources/playing-gamescf53.html]
[www.zareklamy.com/resources/playing-gamescdb1.html]
[www.zareklamy.com/resources/playing-gamesc423.html]
[www.zareklamy.com/resources/playing-games9e93.html]
[www.zareklamy.com/resources/playing-games6bf8.html]
[www.zareklamy.com/resources/playing-gamesc9bf.html]
[www.zareklamy.com/resources/playing-gamesd3ee.html]
[www.zareklamy.com/resources/playing-games0b5e.html]
[www.zareklamy.com/resources/playing-gamese034.html]
[www.zareklamy.com/resources/playing-games2296.html]
[www.zareklamy.com/resources/playing-games9bb4.html]
[www.zareklamy.com/resources/playing-games2139.html]
[www.zareklamy.com/resources/playing-games9277.html]
[www.zareklamy.com/resources/playing-gamesd6cc.html]
[www.zareklamy.com/resources/playing-gamese6ac.html]
[www.zareklamy.com/resources/playing-gamesbbc9.html]
[www.zareklamy.com/resources/playing-gamesef8e.html]
[www.zareklamy.com/resources/playing-gamesf368.html]
[www.zareklamy.com/resources/playing-gamesdb38.html]
[www.zareklamy.com/resources/playing-games7542.html]
[zrcdn.net/images/z-z/en/playing-games-step-1-zareklamy.png]
[zrcdn.net/images/z-z/en/playing-games-step-2-zareklamy.png]
[www.zareklamy.com/resources/playing-games.html]
[www.zareklamy.com/resources/filling-out-surveys0e49.html]
[www.zareklamy.com/resources/filling-out-surveys62b1.html]
[www.zareklamy.com/resources/filling-out-surveysc69a.html]
[www.zareklamy.com/resources/filling-out-surveys3322.html]
[www.zareklamy.com/resources/filling-out-surveyse68f.html]
[www.zareklamy.com/resources/filling-out-surveyscf53.html]
[www.zareklamy.com/resources/filling-out-surveyscdb1.html]
[www.zareklamy.com/resources/filling-out-surveysc423.html]
[www.zareklamy.com/resources/filling-out-surveys9e93.html]
[www.zareklamy.com/resources/filling-out-surveys6bf8.html]
[www.zareklamy.com/resources/filling-out-surveysc9bf.html]
[www.zareklamy.com/resources/filling-out-surveysd3ee.html]
[www.zareklamy.com/resources/filling-out-surveys0b5e.html]
[www.zareklamy.com/resources/filling-out-surveyse034.html]
[www.zareklamy.com/resources/filling-out-surveys2296.html]
[www.zareklamy.com/resources/filling-out-surveys9bb4.html]
[www.zareklamy.com/resources/filling-out-surveys2139.html]
[www.zareklamy.com/resources/filling-out-surveys9277.html]
[www.zareklamy.com/resources/filling-out-surveysd6cc.html]
[www.zareklamy.com/resources/filling-out-surveyse6ac.html]
[www.zareklamy.com/resources/filling-out-surveysbbc9.html]
[www.zareklamy.com/resources/filling-out-surveysef8e.html]
[www.zareklamy.com/resources/filling-out-surveysf368.html]
[www.zareklamy.com/resources/filling-out-surveysdb38.html]
[www.zareklamy.com/resources/filling-out-surveys7542.html]
[zrcdn.net/images/z-z/en/filling-out-surveys-step-1-zareklamy.png]
[zrcdn.net/images/z-z/en/filling-out-surveys-step-2-zareklamy.png]
[www.zareklamy.com/resources/filling-out-surveys.html]
[www.zareklamy.com/resources/watching-videos0e49.html]
[www.zareklamy.com/resources/watching-videos62b1.html]
[www.zareklamy.com/resources/watching-videosc69a.html]
[www.zareklamy.com/resources/watching-videos3322.html]
[www.zareklamy.com/resources/watching-videose68f.html]
[www.zareklamy.com/resources/watching-videoscf53.html]
[www.zareklamy.com/resources/watching-videoscdb1.html]
[www.zareklamy.com/resources/watching-videosc423.html]
[www.zareklamy.com/resources/watching-videos9e93.html]
[www.zareklamy.com/resources/watching-videos6bf8.html]
[www.zareklamy.com/resources/watching-videosc9bf.html]
[www.zareklamy.com/resources/watching-videosd3ee.html]
[www.zareklamy.com/resources/watching-videos0b5e.html]
[www.zareklamy.com/resources/watching-videose034.html]
[www.zareklamy.com/resources/watching-videos2296.html]
[www.zareklamy.com/resources/watching-videos9bb4.html]
[www.zareklamy.com/resources/watching-videos2139.html]
[www.zareklamy.com/resources/watching-videos9277.html]
[www.zareklamy.com/resources/watching-videosd6cc.html]
[www.zareklamy.com/resources/watching-videose6ac.html]
[www.zareklamy.com/resources/watching-videosbbc9.html]
[www.zareklamy.com/resources/watching-videosef8e.html]
[www.zareklamy.com/resources/watching-videosf368.html]
[www.zareklamy.com/resources/watching-videosdb38.html]
[www.zareklamy.com/resources/watching-videos7542.html]
[zrcdn.net/images/z-z/en/watching-videos-step-1-zareklamy.png]
[zrcdn.net/images/z-z/en/watching-videos-step-2-zareklamy.png]
[www.zareklamy.com/resources/watching-videos.html]
[www.zareklamy.com/resources/online-shopping0e49.html]
[www.zareklamy.com/resources/online-shopping62b1.html]
[www.zareklamy.com/resources/online-shoppingc69a.html]
[www.zareklamy.com/resources/online-shopping3322.html]
[www.zareklamy.com/resources/online-shoppinge68f.html]
[www.zareklamy.com/resources/online-shoppingcf53.html]
[www.zareklamy.com/resources/online-shoppingcdb1.html]
[www.zareklamy.com/resources/online-shoppingc423.html]
[www.zareklamy.com/resources/online-shopping9e93.html]
[www.zareklamy.com/resources/online-shopping6bf8.html]
[www.zareklamy.com/resources/online-shoppingc9bf.html]
[www.zareklamy.com/resources/online-shoppingd3ee.html]
[www.zareklamy.com/resources/online-shopping0b5e.html]
[www.zareklamy.com/resources/online-shoppinge034.html]
[www.zareklamy.com/resources/online-shopping2296.html]
[www.zareklamy.com/resources/online-shopping9bb4.html]
[www.zareklamy.com/resources/online-shopping2139.html]
[www.zareklamy.com/resources/online-shopping9277.html]
[www.zareklamy.com/resources/online-shoppingd6cc.html]
[www.zareklamy.com/resources/online-shoppinge6ac.html]
[www.zareklamy.com/resources/online-shoppingbbc9.html]
[www.zareklamy.com/resources/online-shoppingef8e.html]
[www.zareklamy.com/resources/online-shoppingf368.html]
[www.zareklamy.com/resources/online-shoppingdb38.html]
[www.zareklamy.com/resources/online-shopping7542.html]
[zrcdn.net/images/z-z/en/online-shopping-step-1-zareklamy.png]
[zrcdn.net/images/z-z/en/online-shopping-step-2-zareklamy.png]
[www.zareklamy.com/resources/online-shopping.html]
[www.zareklamy.com/sign-in0e49.html]
[www.zareklamy.com/sign-in62b1.html]
[www.zareklamy.com/sign-inc69a.html]
[www.zareklamy.com/sign-in3322.html]
[www.zareklamy.com/sign-ine68f.html]
[www.zareklamy.com/sign-incf53.html]
[www.zareklamy.com/sign-incdb1.html]
[www.zareklamy.com/sign-inc423.html]
[www.zareklamy.com/sign-in9e93.html]
[www.zareklamy.com/sign-in6bf8.html]
[www.zareklamy.com/sign-inc9bf.html]
[www.zareklamy.com/sign-ind3ee.html]
[www.zareklamy.com/sign-in0b5e.html]
[www.zareklamy.com/sign-ine034.html]
[www.zareklamy.com/sign-in2296.html]
[www.zareklamy.com/sign-in9bb4.html]
[www.zareklamy.com/sign-in2139.html]
[www.zareklamy.com/sign-in9277.html]
[www.zareklamy.com/sign-ind6cc.html]
[www.zareklamy.com/sign-ine6ac.html]
[www.zareklamy.com/sign-inbbc9.html]
[www.zareklamy.com/sign-inef8e.html]
[www.zareklamy.com/sign-inf368.html]
[www.zareklamy.com/sign-indb38.html]
[www.zareklamy.com/sign-in7542.html]
[zrcdn.net/css/z-b/sign-in.css]
[zrcdn.net/css/z-b/other-use.css]
[www.zareklamy.com/recover0e49.html]
[www.zareklamy.com/recover62b1.html]
[www.zareklamy.com/recoverc69a.html]
[www.zareklamy.com/recover3322.html]
[www.zareklamy.com/recovere68f.html]
[www.zareklamy.com/recovercf53.html]
[www.zareklamy.com/recovercdb1.html]
[www.zareklamy.com/recoverc423.html]
[www.zareklamy.com/recover9e93.html]
[www.zareklamy.com/recover6bf8.html]
[www.zareklamy.com/recoverc9bf.html]
[www.zareklamy.com/recoverd3ee.html]
[www.zareklamy.com/recover0b5e.html]
[www.zareklamy.com/recovere034.html]
[www.zareklamy.com/recover2296.html]
[www.zareklamy.com/recover9bb4.html]
[www.zareklamy.com/recover2139.html]
[www.zareklamy.com/recover9277.html]
[www.zareklamy.com/recoverd6cc.html]
[www.zareklamy.com/recovere6ac.html]
[www.zareklamy.com/recoverbbc9.html]
[www.zareklamy.com/recoveref8e.html]
[www.zareklamy.com/recoverf368.html]
[www.zareklamy.com/recoverdb38.html]
[www.zareklamy.com/recover7542.html]
[www.zareklamy.com/recover.html]
[www.zareklamy.com/registration0e49.html]
[www.zareklamy.com/registration62b1.html]
[www.zareklamy.com/registrationc69a.html]
[www.zareklamy.com/registration3322.html]
[www.zareklamy.com/registratione68f.html]
[www.zareklamy.com/registrationcf53.html]
[www.zareklamy.com/registrationcdb1.html]
[www.zareklamy.com/registrationc423.html]
[www.zareklamy.com/registration9e93.html]
[www.zareklamy.com/registration6bf8.html]
[www.zareklamy.com/registrationc9bf.html]
[www.zareklamy.com/registrationd3ee.html]
[www.zareklamy.com/registration0b5e.html]
[www.zareklamy.com/registratione034.html]
[www.zareklamy.com/registration2296.html]
[www.zareklamy.com/registration9bb4.html]
[www.zareklamy.com/registration2139.html]
[www.zareklamy.com/registration9277.html]
[www.zareklamy.com/registrationd6cc.html]
[www.zareklamy.com/registratione6ac.html]
[www.zareklamy.com/registrationbbc9.html]
[www.zareklamy.com/registrationef8e.html]
[www.zareklamy.com/registrationf368.html]
[www.zareklamy.com/registrationdb38.html]
[www.zareklamy.com/registration7542.html]
[zrcdn.net/css/z-b/sign-up.css]
[www.zareklamy.com/contact-us0e49.html]
[www.zareklamy.com/contact-us62b1.html]
[www.zareklamy.com/contact-usc69a.html]
[www.zareklamy.com/contact-us3322.html]
[www.zareklamy.com/contact-use68f.html]
[www.zareklamy.com/contact-uscf53.html]
[www.zareklamy.com/contact-uscdb1.html]
[www.zareklamy.com/contact-usc423.html]
[www.zareklamy.com/contact-us9e93.html]
[www.zareklamy.com/contact-us6bf8.html]
[www.zareklamy.com/contact-usc9bf.html]
[www.zareklamy.com/contact-usd3ee.html]
[www.zareklamy.com/contact-us0b5e.html]
[www.zareklamy.com/contact-use034.html]
[www.zareklamy.com/contact-us2296.html]
[www.zareklamy.com/contact-us9bb4.html]
[www.zareklamy.com/contact-us2139.html]
[www.zareklamy.com/contact-us9277.html]
[www.zareklamy.com/contact-use6ac.html]
[www.zareklamy.com/contact-usbbc9.html]
[www.zareklamy.com/contact-usef8e.html]
[www.zareklamy.com/contact-usf368.html]
[www.zareklamy.com/contact-usdb38.html]
[www.zareklamy.com/contact-us7542.html]
[www.zareklamy.com/sitemap62b1.html]
[www.zareklamy.com/sitemapc69a.html]
[www.zareklamy.com/sitemap3322.html]
[www.zareklamy.com/sitemape68f.html]
[www.zareklamy.com/sitemapcf53.html]
[www.zareklamy.com/sitemapcdb1.html]
[www.zareklamy.com/sitemapc423.html]
[www.zareklamy.com/contact-usd6cc]
[www.zareklamy.com/sitemap6bf8.html]
[www.zareklamy.com/sitemapc9bf.html]
[www.zareklamy.com/sitemapd3ee.html]
[www.zareklamy.com/sitemap0b5e.html]
[www.zareklamy.com/sitemape034.html]
[www.zareklamy.com/sitemap2296.html]
[www.zareklamy.com/sitemap9bb4.html]
[www.zareklamy.com/sitemap2139.html]
[www.zareklamy.com/sitemap9277.html]
[www.zareklamy.com/sitemapd6cc.html]
[www.zareklamy.com/sitemape6ac.html]
[www.zareklamy.com/sitemapbbc9.html]
[www.zareklamy.com/sitemap0e49]
[www.zareklamy.com/sitemapef8e.html]
[www.zareklamy.com/sitemapf368.html]
[www.zareklamy.com/sitemapdb38.html]
[www.zareklamy.com/sitemap7542.html]
[www.zareklamy.com/sitemap9e93]
[www.zareklamy.com/learning0e49.html]
[www.zareklamy.com/learning62b1.html]
[www.zareklamy.com/learningc69a.html]
[www.zareklamy.com/learning3322.html]
[www.zareklamy.com/learninge68f.html]
[www.zareklamy.com/learningcf53.html]
[www.zareklamy.com/learningcdb1.html]
[www.zareklamy.com/learningc423.html]
[www.zareklamy.com/learning9e93.html]
[www.zareklamy.com/learning6bf8.html]
[www.zareklamy.com/learningc9bf.html]
[www.zareklamy.com/learningd3ee.html]
[www.zareklamy.com/learning0b5e.html]
[www.zareklamy.com/learninge034.html]
[www.zareklamy.com/learning2296.html]
[www.zareklamy.com/learning9bb4.html]
[www.zareklamy.com/learning2139.html]
[www.zareklamy.com/learning9277.html]
[www.zareklamy.com/learningd6cc.html]
[www.zareklamy.com/learninge6ac.html]
[www.zareklamy.com/learningbbc9.html]
[www.zareklamy.com/learningef8e.html]
[www.zareklamy.com/learningf368.html]
[www.zareklamy.com/learningdb38.html]
[www.zareklamy.com/learning7542.html]
[www.zareklamy.com/resources/watch-videos]
[www.zareklamy.com/sign-in73d6.html]
[zrcdn.net/images/logos/facebook/facebook.png]
[www.zareklamy.com/learning.html]
[www.zareklamy.com/resources/invite-people-and-earn-referral-program0e49.html]
[www.zareklamy.com/resources/invite-people-and-earn-referral-program62b1.html]
[www.zareklamy.com/resources/invite-people-and-earn-referral-programc69a.html]
[www.zareklamy.com/resources/invite-people-and-earn-referral-program3322.html]
[www.zareklamy.com/resources/invite-people-and-earn-referral-programe68f.html]
[www.zareklamy.com/resources/invite-people-and-earn-referral-programcf53.html]
[www.zareklamy.com/resources/invite-people-and-earn-referral-programcdb1.html]
[www.zareklamy.com/resources/invite-people-and-earn-referral-programc423.html]
[www.zareklamy.com/resources/invite-people-and-earn-referral-program9e93.html]
[www.zareklamy.com/resources/invite-people-and-earn-referral-program6bf8.html]
[www.zareklamy.com/resources/invite-people-and-earn-referral-programc9bf.html]
[www.zareklamy.com/resources/invite-people-and-earn-referral-programd3ee.html]
[www.zareklamy.com/resources/invite-people-and-earn-referral-program0b5e.html]
[www.zareklamy.com/resources/invite-people-and-earn-referral-programe034.html]
[www.zareklamy.com/resources/invite-people-and-earn-referral-program2296.html]
[www.zareklamy.com/resources/invite-people-and-earn-referral-program9bb4.html]
[www.zareklamy.com/resources/invite-people-and-earn-referral-program2139.html]
[www.zareklamy.com/resources/invite-people-and-earn-referral-program9277.html]
[www.zareklamy.com/resources/invite-people-and-earn-referral-programd6cc.html]
[www.zareklamy.com/resources/invite-people-and-earn-referral-programe6ac.html]
[www.zareklamy.com/resources/invite-people-and-earn-referral-programbbc9.html]
[www.zareklamy.com/resources/invite-people-and-earn-referral-programef8e.html]
[www.zareklamy.com/resources/invite-people-and-earn-referral-programf368.html]
[www.zareklamy.com/resources/invite-people-and-earn-referral-programdb38.html]
[www.zareklamy.com/resources/invite-people-and-earn-referral-program7542.html]
[www.zareklamy.com/sign-inebbd.html]
[www.zareklamy.com/company/about-us0e49.html]
[www.zareklamy.com/company/about-us62b1.html]
[www.zareklamy.com/company/about-usc69a.html]
[www.zareklamy.com/company/about-us3322.html]
[www.zareklamy.com/company/about-use68f.html]
[www.zareklamy.com/company/about-uscf53.html]
[www.zareklamy.com/company/about-uscdb1.html]
[www.zareklamy.com/company/about-usc423.html]
[www.zareklamy.com/company/about-us9e93.html]
[www.zareklamy.com/company/about-us6bf8.html]
[www.zareklamy.com/company/about-usc9bf.html]
[www.zareklamy.com/company/about-usd3ee.html]
[www.zareklamy.com/company/about-us0b5e.html]
[www.zareklamy.com/company/about-use034.html]
[www.zareklamy.com/company/about-us2296.html]
[www.zareklamy.com/company/about-us9bb4.html]
[www.zareklamy.com/company/about-us2139.html]
[www.zareklamy.com/company/about-us9277.html]
[www.zareklamy.com/company/about-usd6cc.html]
[www.zareklamy.com/company/about-use6ac.html]
[www.zareklamy.com/company/about-usbbc9.html]
[www.zareklamy.com/company/about-usef8e.html]
[www.zareklamy.com/company/about-usf368.html]
[www.zareklamy.com/company/about-usdb38.html]
[www.zareklamy.com/company/about-us7542.html]
[www.zareklamy.com/company/about-us.css]
[www.zareklamy.com/company/commitments0e49.html]
[www.zareklamy.com/company/commitments62b1.html]
[www.zareklamy.com/company/commitmentsc69a.html]
[www.zareklamy.com/company/commitments3322.html]
[www.zareklamy.com/company/commitmentse68f.html]
[www.zareklamy.com/company/commitmentscf53.html]
[www.zareklamy.com/company/commitmentscdb1.html]
[www.zareklamy.com/company/commitmentsc423.html]
[www.zareklamy.com/company/commitments9e93.html]
[www.zareklamy.com/company/commitments6bf8.html]
[www.zareklamy.com/company/commitmentsc9bf.html]
[www.zareklamy.com/company/commitmentsd3ee.html]
[www.zareklamy.com/company/commitments0b5e.html]
[www.zareklamy.com/company/commitmentse034.html]
[www.zareklamy.com/company/commitments2296.html]
[www.zareklamy.com/company/commitments9bb4.html]
[www.zareklamy.com/company/commitments2139.html]
[www.zareklamy.com/company/commitments9277.html]
[www.zareklamy.com/company/commitmentsd6cc.html]
[www.zareklamy.com/company/commitmentse6ac.html]
[www.zareklamy.com/company/commitmentsbbc9.html]
[www.zareklamy.com/company/commitmentsef8e.html]
[www.zareklamy.com/company/commitmentsf368.html]
[www.zareklamy.com/company/commitmentsdb38.html]
[www.zareklamy.com/company/commitments7542.html]
[www.zareklamy.com/company/commitments.css]
[www.zareklamy.com/company/careers0e49.html]
[www.zareklamy.com/company/careers62b1.html]
[www.zareklamy.com/company/careersc69a.html]
[www.zareklamy.com/company/careers3322.html]
[www.zareklamy.com/company/careerse68f.html]
[www.zareklamy.com/company/careerscf53.html]
[www.zareklamy.com/company/careerscdb1.html]
[www.zareklamy.com/company/careersc423.html]
[www.zareklamy.com/company/careers9e93.html]
[www.zareklamy.com/company/careers6bf8.html]
[www.zareklamy.com/company/careersc9bf.html]
[www.zareklamy.com/company/careersd3ee.html]
[www.zareklamy.com/company/careers0b5e.html]
[www.zareklamy.com/company/careerse034.html]
[www.zareklamy.com/company/careers2296.html]
[www.zareklamy.com/company/careers9bb4.html]
[www.zareklamy.com/company/careers2139.html]
[www.zareklamy.com/company/careers9277.html]
[www.zareklamy.com/company/careersd6cc.html]
[www.zareklamy.com/company/careerse6ac.html]
[www.zareklamy.com/company/careersbbc9.html]
[www.zareklamy.com/company/careersef8e.html]
[www.zareklamy.com/company/careersf368.html]
[www.zareklamy.com/company/careersdb38.html]
[www.zareklamy.com/company/careers7542.html]
[zrcdn.net/images/icons/countries/us.png]
[zrcdn.net/images/icons/countries/pl.png]
[zrcdn.net/images/icons/countries/gb.png]
[www.zareklamy.com/company/careers.css]
[cdnjs.cloudflare.com/ajax/libs/popper.js/1.12.9/umd/popper.min.js]
[www.zareklamy.com/company/careers/jobs.js]
[www.zareklamy.com/company/careers/jobsab5e.html]
[www.zareklamy.com/company/careers/jobsec28.html]
[www.zareklamy.com/company/careers/jobsdc6c.html]
[www.zareklamy.com/company/careers/jobs79ff.html]
[www.zareklamy.com/company/careers/jobs64d0.html]
[www.zareklamy.com/company/careers/jobs004c.html]
[www.zareklamy.com/company/careers/jobsbce2.html]
[www.zareklamy.com/company/media-kit0e49.html]
[www.zareklamy.com/company/media-kit62b1.html]
[www.zareklamy.com/company/media-kitc69a.html]
[www.zareklamy.com/company/media-kit3322.html]
[www.zareklamy.com/company/media-kite68f.html]
[www.zareklamy.com/company/media-kitcf53.html]
[www.zareklamy.com/company/media-kitcdb1.html]
[www.zareklamy.com/company/media-kitc423.html]
[www.zareklamy.com/company/media-kit9e93.html]
[www.zareklamy.com/company/media-kit6bf8.html]
[www.zareklamy.com/company/media-kitc9bf.html]
[www.zareklamy.com/company/media-kitd3ee.html]
[www.zareklamy.com/company/media-kit0b5e.html]
[www.zareklamy.com/company/media-kite034.html]
[www.zareklamy.com/company/media-kit2296.html]
[www.zareklamy.com/company/media-kit9bb4.html]
[www.zareklamy.com/company/media-kit2139.html]
[www.zareklamy.com/company/media-kit9277.html]
[www.zareklamy.com/company/media-kitd6cc.html]
[www.zareklamy.com/company/media-kite6ac.html]
[www.zareklamy.com/company/media-kitbbc9.html]
[www.zareklamy.com/company/media-kitef8e.html]
[www.zareklamy.com/company/media-kitf368.html]
[www.zareklamy.com/company/media-kitdb38.html]
[www.zareklamy.com/company/media-kit7542.html]
[www.zareklamy.com/company/media-kit.css]
[www.zareklamy.com/resources/playing-games0e49.html]
[www.zareklamy.com/resources/playing-games62b1.html]
[www.zareklamy.com/resources/playing-gamesc69a.html]
[www.zareklamy.com/resources/playing-games3322.html]
[www.zareklamy.com/resources/playing-gamese68f.html]
[www.zareklamy.com/resources/playing-gamescf53.html]
[www.zareklamy.com/resources/playing-gamescdb1.html]
[www.zareklamy.com/resources/playing-gamesc423.html]
[www.zareklamy.com/resources/playing-games9e93.html]
[www.zareklamy.com/resources/playing-games6bf8.html]
[www.zareklamy.com/resources/playing-gamesc9bf.html]
[www.zareklamy.com/resources/playing-gamesd3ee.html]
[www.zareklamy.com/resources/playing-games0b5e.html]
[www.zareklamy.com/resources/playing-gamese034.html]
[www.zareklamy.com/resources/playing-games2296.html]
[www.zareklamy.com/resources/playing-games9bb4.html]
[www.zareklamy.com/resources/playing-games2139.html]
[www.zareklamy.com/resources/playing-games9277.html]
[www.zareklamy.com/resources/playing-gamesd6cc.html]
[www.zareklamy.com/resources/playing-gamese6ac.html]
[www.zareklamy.com/resources/playing-gamesbbc9.html]
[www.zareklamy.com/resources/playing-gamesef8e.html]
[www.zareklamy.com/resources/playing-gamesf368.html]
[www.zareklamy.com/resources/playing-gamesdb38.html]
[www.zareklamy.com/resources/playing-games7542.html]
[www.zareklamy.com/resources/filling-out-surveys0e49.html]
[www.zareklamy.com/resources/filling-out-surveys62b1.html]
[www.zareklamy.com/resources/filling-out-surveysc69a.html]
[www.zareklamy.com/resources/filling-out-surveys3322.html]
[www.zareklamy.com/resources/filling-out-surveyse68f.html]
[www.zareklamy.com/resources/filling-out-surveyscf53.html]
[www.zareklamy.com/resources/filling-out-surveyscdb1.html]
[www.zareklamy.com/resources/filling-out-surveysc423.html]
[www.zareklamy.com/resources/filling-out-surveys9e93.html]
[www.zareklamy.com/resources/filling-out-surveys6bf8.html]
[www.zareklamy.com/resources/filling-out-surveysc9bf.html]
[www.zareklamy.com/resources/filling-out-surveysd3ee.html]
[www.zareklamy.com/resources/filling-out-surveys0b5e.html]
[www.zareklamy.com/resources/filling-out-surveyse034.html]
[www.zareklamy.com/resources/filling-out-surveys2296.html]
[www.zareklamy.com/resources/filling-out-surveys9bb4.html]
[www.zareklamy.com/resources/filling-out-surveys2139.html]
[www.zareklamy.com/resources/filling-out-surveys9277.html]
[www.zareklamy.com/resources/filling-out-surveysd6cc.html]
[www.zareklamy.com/resources/filling-out-surveyse6ac.html]
[www.zareklamy.com/resources/filling-out-surveysbbc9.html]
[www.zareklamy.com/resources/filling-out-surveysef8e.html]
[www.zareklamy.com/resources/filling-out-surveysf368.html]
[www.zareklamy.com/resources/filling-out-surveysdb38.html]
[www.zareklamy.com/resources/filling-out-surveys7542.html]
[www.zareklamy.com/resources/watching-videos0e49.html]
[www.zareklamy.com/resources/watching-videos62b1.html]
[www.zareklamy.com/resources/watching-videosc69a.html]
[www.zareklamy.com/resources/watching-videos3322.html]
[www.zareklamy.com/resources/watching-videose68f.html]
[www.zareklamy.com/resources/watching-videoscf53.html]
[www.zareklamy.com/resources/watching-videoscdb1.html]
[www.zareklamy.com/resources/watching-videosc423.html]
[www.zareklamy.com/resources/watching-videos9e93.html]
[www.zareklamy.com/resources/watching-videos6bf8.html]
[www.zareklamy.com/resources/watching-videosc9bf.html]
[www.zareklamy.com/resources/watching-videosd3ee.html]
[www.zareklamy.com/resources/watching-videos0b5e.html]
[www.zareklamy.com/resources/watching-videose034.html]
[www.zareklamy.com/resources/watching-videos2296.html]
[www.zareklamy.com/resources/watching-videos9bb4.html]
[www.zareklamy.com/resources/watching-videos2139.html]
[www.zareklamy.com/resources/watching-videos9277.html]
[www.zareklamy.com/resources/watching-videosd6cc.html]
[www.zareklamy.com/resources/watching-videose6ac.html]
[www.zareklamy.com/resources/watching-videosbbc9.html]
[www.zareklamy.com/resources/watching-videosef8e.html]
[www.zareklamy.com/resources/watching-videosf368.html]
[www.zareklamy.com/resources/watching-videosdb38.html]
[www.zareklamy.com/resources/watching-videos7542.html]
[www.zareklamy.com/resources/online-shopping0e49.html]
[www.zareklamy.com/resources/online-shopping62b1.html]
[www.zareklamy.com/resources/online-shoppingc69a.html]
[www.zareklamy.com/resources/online-shopping3322.html]
[www.zareklamy.com/resources/online-shoppinge68f.html]
[www.zareklamy.com/resources/online-shoppingcf53.html]
[www.zareklamy.com/resources/online-shoppingcdb1.html]
[www.zareklamy.com/resources/online-shoppingc423.html]
[www.zareklamy.com/resources/online-shopping9e93.html]
[www.zareklamy.com/resources/online-shopping6bf8.html]
[www.zareklamy.com/resources/online-shoppingc9bf.html]
[www.zareklamy.com/resources/online-shoppingd3ee.html]
[www.zareklamy.com/resources/online-shopping0b5e.html]
[www.zareklamy.com/resources/online-shoppinge034.html]
[www.zareklamy.com/resources/online-shopping2296.html]
[www.zareklamy.com/resources/online-shopping9bb4.html]
[www.zareklamy.com/resources/online-shopping2139.html]
[www.zareklamy.com/resources/online-shopping9277.html]
[www.zareklamy.com/resources/online-shoppingd6cc.html]
[www.zareklamy.com/resources/online-shoppinge6ac.html]
[www.zareklamy.com/resources/online-shoppingbbc9.html]
[www.zareklamy.com/resources/online-shoppingef8e.html]
[www.zareklamy.com/resources/online-shoppingf368.html]
[www.zareklamy.com/resources/online-shoppingdb38.html]
[www.zareklamy.com/resources/online-shopping7542.html]
[www.zareklamy.com/recover0e49.html]
[www.zareklamy.com/recover62b1.html]
[www.zareklamy.com/recoverc69a.html]
[www.zareklamy.com/recover3322.html]
[www.zareklamy.com/recovere68f.html]
[www.zareklamy.com/recovercf53.html]
[www.zareklamy.com/recovercdb1.html]
[www.zareklamy.com/recoverc423.html]
[www.zareklamy.com/recover9e93.html]
[www.zareklamy.com/recover6bf8.html]
[www.zareklamy.com/recoverc9bf.html]
[www.zareklamy.com/recoverd3ee.html]
[www.zareklamy.com/recover0b5e.html]
[www.zareklamy.com/recovere034.html]
[www.zareklamy.com/recover2296.html]
[www.zareklamy.com/recover9bb4.html]
[www.zareklamy.com/recover2139.html]
[www.zareklamy.com/recover9277.html]
[www.zareklamy.com/recoverd6cc.html]
[www.zareklamy.com/recovere6ac.html]
[www.zareklamy.com/recoverbbc9.html]
[www.zareklamy.com/recoveref8e.html]
[www.zareklamy.com/recoverf368.html]
[www.zareklamy.com/recoverdb38.html]
[www.zareklamy.com/recover7542.html]
[zrcdn.net/css/z-b/recover.css]
[www.zareklamy.com/contact-usd6cc]
[zrcdn.net/css/z-b/contact.css]
[www.zareklamy.com/sign-in93e6.html]
[www.zareklamy.com/settings]
[www.zareklamy.com/sitemap0e49]
[www.zareklamy.com/sitemap9e93]
[www.zareklamy.com/learning0e49.html]
[www.zareklamy.com/learning62b1.html]
[www.zareklamy.com/learningc69a.html]
[www.zareklamy.com/learning3322.html]
[www.zareklamy.com/learninge68f.html]
[www.zareklamy.com/learningcf53.html]
[www.zareklamy.com/learningcdb1.html]
[www.zareklamy.com/learningc423.html]
[www.zareklamy.com/learning9e93.html]
[www.zareklamy.com/learning6bf8.html]
[www.zareklamy.com/learningc9bf.html]
[www.zareklamy.com/learningd3ee.html]
[www.zareklamy.com/learning0b5e.html]
[www.zareklamy.com/learninge034.html]
[www.zareklamy.com/learning2296.html]
[www.zareklamy.com/learning9bb4.html]
[www.zareklamy.com/learning2139.html]
[www.zareklamy.com/learning9277.html]
[www.zareklamy.com/learningd6cc.html]
[www.zareklamy.com/learninge6ac.html]
[www.zareklamy.com/learningbbc9.html]
[www.zareklamy.com/learningef8e.html]
[www.zareklamy.com/learningf368.html]
[www.zareklamy.com/learningdb38.html]
[www.zareklamy.com/learning7542.html]
[www.zareklamy.com/resources/watch-videos.html]
[www.zareklamy.com/sign-in73d6.html]
[www.zareklamy.com/sign-in93e6.html]
[www.zareklamy.com/company/careers/jobs0b5e]
